  Task begin at  Jun 24,2026,17:05:39     
  I.D. generation random number seed=          100
  Wtmp=    3000.00000000000     
  Phmax, dWWmax=    180.000000000000        1.00000000000000     
  Phmax, dWWmax, pstat_q =    360.000000000000        1.00000000000000     
   10001.0000000000       0.000000000000000E+000  0.000000000000000E+000
  0.000000000000000E+000  0.000000000000000E+000  0.000000000000000E+000
  Ascii-2 field file, regular grid 25x25x201 
  iflag_EH, cflag_EH=            1 1   
  Ascii-2 field file 
  Ascii-2 field file, regular grid 25x25x201 
  iflag_EH, cflag_EH=            1 1   
  Ascii-2 field file 
  Ascii-2 field file, regular grid 25x25x201 
  iflag_EH, cflag_EH=            1 1   
  Ascii-2 field file 
  Ascii-2 field file, regular grid 25x25x201 
  iflag_EH, cflag_EH=            1 1   
  Ascii-2 field file 
  Ascii-2 field file, regular grid 25x25x201 
  iflag_EH, cflag_EH=            1 1   
  Ascii-2 field file 
  Ascii-2 field file, regular grid 25x25x201 
  iflag_EH, cflag_EH=            1 1   
  Ascii-2 field file 
  Ascii-2 field file, regular grid 25x25x201 
  iflag_EH, cflag_EH=            1 1   
  Ascii-2 field file 
  Ascii-2 field file, regular grid 25x25x201 
  iflag_EH, cflag_EH=            1 1   
  Ascii-2 field file 
  Ascii-2 field file 
  Ascii-2 field file, regular grid 25x25x201 
  iflag_EH, cflag_EH=            1 1   
  Ascii-2 field file 
  Ascii-2 field file 
  Ascii-2 field file, regular grid 25x25x201 
  iflag_EH, cflag_EH=            1 1   
  Ascii-2 field file 
  Ascii-2 field file 
  Ascii-2 field file, regular grid 25x25x201 
  iflag_EH, cflag_EH=            1 1   
  Ascii-2 field file 
  Ascii-2 field file, regular grid 25x25x201 
  iflag_EH, cflag_EH=            1 1   
  Ascii-2 field file 
  Ascii-2 field file 
  Ascii-2 field file, regular grid 25x25x201 
  iflag_EH, cflag_EH=            1 1   
  Ascii-2 field file 
  Ascii-2 field file 
  Ascii-2 field file, regular grid 25x25x201 
  iflag_EH, cflag_EH=            1 1   
  Ascii-2 field file 
  Ascii-2 field file 
  Ascii-2 field file, regular grid 25x25x201 
  iflag_EH, cflag_EH=            1 1   
  Ascii-2 field file 
  Ascii-2 field file, regular grid 25x25x201 
  iflag_EH, cflag_EH=            1 1   
  Ascii-2 field file 
  Ascii-2 field file 
  Ascii-2 field file, regular grid 25x25x201 
  iflag_EH, cflag_EH=            1 1   
  Ascii-2 field file 
  Ascii-2 field file 
  Ascii-2 field file, regular grid 25x25x201 
  iflag_EH, cflag_EH=            1 1   
  Ascii-2 field file 
  Ascii-2 field file 
  Ascii-2 field file, regular grid 25x25x201 
  iflag_EH, cflag_EH=            1 1   
  Ascii-2 field file 
  Ascii-2 field file, regular grid 25x25x201 
  iflag_EH, cflag_EH=            1 1   
  Ascii-2 field file 
  Ascii-2 field file 
  Ascii-2 field file, regular grid 25x25x201 
  iflag_EH, cflag_EH=            1 1   
  Ascii-2 field file 
  Ascii-2 field file 
  Ascii-2 field file, regular grid 25x25x201 
  iflag_EH, cflag_EH=            1 1   
  Ascii-2 field file 
  Ascii-2 field file 
  Ascii-2 field file, regular grid 25x25x201 
  iflag_EH, cflag_EH=            1 1   
  Ascii-2 field file 
  Ascii-2 field file, regular grid 25x25x201 
  iflag_EH, cflag_EH=            1 1   
  Ascii-2 field file 
  Ascii-2 field file 
  Ascii-2 field file, regular grid 25x25x201 
  iflag_EH, cflag_EH=            1 1   
  Ascii-2 field file 
  Ascii-2 field file 
  Ascii-2 field file, regular grid 25x25x201 
  iflag_EH, cflag_EH=            1 1   
  Ascii-2 field file 
  Ascii-2 field file 
  Ascii-2 field file, regular grid 25x25x201 
  iflag_EH, cflag_EH=            1 1   
  Ascii-2 field file 
  Ascii-2 field file, regular grid 25x25x201 
  iflag_EH, cflag_EH=            1 1   
  Ascii-2 field file 
  Ascii-2 field file 
  Ascii-2 field file, regular grid 25x25x201 
  iflag_EH, cflag_EH=            1 1   
  Ascii-2 field file 
  Ascii-2 field file 
  Ascii-2 field file, regular grid 25x25x201 
  iflag_EH, cflag_EH=            1 1   
  Ascii-2 field file 
  Ascii-2 field file 
  Ascii-2 field file, regular grid 25x25x201 
  iflag_EH, cflag_EH=            1 1   
  Ascii-2 field file 
  Ascii-2 field file, regular grid 25x25x201 
  iflag_EH, cflag_EH=            1 1   
  Ascii-2 field file 
  Ascii-2 field file 
  Ascii-2 field file 
  Ascii-2 field file, regular grid 25x25x201 
  iflag_EH, cflag_EH=            1 1   
  Ascii-2 field file 
  Ascii-2 field file 
  Ascii-2 field file 
  Ascii-2 field file, regular grid 25x25x201 
  iflag_EH, cflag_EH=            1 1   
  Ascii-2 field file 
  Ascii-2 field file 
  Ascii-2 field file 
  Ascii-2 field file, regular grid 25x25x201 
  iflag_EH, cflag_EH=            1 1   
  Ascii-2 field file 
  Ascii-2 field file 
  Ascii-2 field file 
  Ascii-2 field file, regular grid 25x25x201 
  iflag_EH, cflag_EH=            1 1   
  Ascii-2 field file 
  Ascii-2 field file 
  Ascii-2 field file 
  Ascii-2 field file, regular grid 25x25x201 
  iflag_EH, cflag_EH=            1 1   
  Ascii-2 field file 
  Ascii-2 field file 
  Ascii-2 field file 
  Ascii-2 field file, regular grid 25x25x201 
  iflag_EH, cflag_EH=            1 1   
  Ascii-2 field file 
  Ascii-2 field file 
  Ascii-2 field file 
  Ascii-2 field file, regular grid 25x25x201 
  iflag_EH, cflag_EH=            1 1   
  Ascii-2 field file 
  Ascii-2 field file 
  Ascii-2 field file 
  Ascii-2 field file, regular grid 25x25x201 
  iflag_EH, cflag_EH=            1 1   
  Ascii-2 field file 
  Ascii-2 field file 
  Ascii-2 field file 
  Ascii-2 field file, regular grid 25x25x201 
  iflag_EH, cflag_EH=            1 1   
  Ascii-2 field file 
  Ascii-2 field file 
  Ascii-2 field file 
  Ascii-2 field file, regular grid 25x25x201 
  iflag_EH, cflag_EH=            1 1   
  Ascii-2 field file 
  Ascii-2 field file 
  Ascii-2 field file 
  Ascii-2 field file, regular grid 25x25x201 
  iflag_EH, cflag_EH=            1 1   
  Ascii-2 field file 
  Ascii-2 field file 
  Ascii-2 field file 
  Ascii-2 field file, regular grid 25x25x201 
  iflag_EH, cflag_EH=            1 1   
  Ascii-2 field file 
  Ascii-2 field file 
  Ascii-2 field file 
  Ascii-2 field file, regular grid 25x25x201 
  iflag_EH, cflag_EH=            1 1   
  Ascii-2 field file 
  Ascii-2 field file 
  Ascii-2 field file 
  Ascii-2 field file, regular grid 25x25x201 
  iflag_EH, cflag_EH=            1 1   
  Ascii-2 field file 
  Ascii-2 field file 
  Ascii-2 field file 
  Ascii-2 field file, regular grid 25x25x201 
  iflag_EH, cflag_EH=            1 1   
  Ascii-2 field file 
  Ascii-2 field file 
  Ascii-2 field file 
  Ascii-2 field file, regular grid 25x25x201 
  iflag_EH, cflag_EH=            1 1   
  Ascii-2 field file 
  Ascii-2 field file 
  Ascii-2 field file 
  Ascii-2 field file, regular grid 25x25x201 
  iflag_EH, cflag_EH=            1 1   
  Ascii-2 field file 
  Ascii-2 field file 
  Ascii-2 field file 
  Ascii-2 field file, regular grid 25x25x201 
  iflag_EH, cflag_EH=            1 1   
  Ascii-2 field file 
  Ascii-2 field file 
  Ascii-2 field file 
  Ascii-2 field file, regular grid 25x25x201 
  iflag_EH, cflag_EH=            1 1   
  Ascii-2 field file 
  Ascii-2 field file 
  Ascii-2 field file 
  Ascii-2 field file, regular grid 25x25x201 
  iflag_EH, cflag_EH=            1 1   
  Ascii-2 field file 
  Ascii-2 field file 
  Ascii-2 field file 
  Ascii-2 field file, regular grid 25x25x201 
  iflag_EH, cflag_EH=            1 1   
  Ascii-2 field file 
  Ascii-2 field file 
  Ascii-2 field file 
  Ascii-2 field file, regular grid 25x25x201 
  iflag_EH, cflag_EH=            1 1   
  Ascii-2 field file 
  Ascii-2 field file 
  Ascii-2 field file 
  Ascii-2 field file, regular grid 25x25x201 
  iflag_EH, cflag_EH=            1 1   
  Ascii-2 field file 
  Ascii-2 field file 
  Ascii-2 field file 
    Task end at  Jun 24,2026,17:15:21     
