 n_el    name     Phi_in(deg)    Phi_out(deg)   W_in(MeV/u)    W_out(MeV/u)
    1    drift    0.00000E+00    0.19756E+03    0.30000E+04    0.30000E+04
    2    updat    0.00000E+00    0.00000E+00    0.30000E+04    0.30000E+04
    3    drift    0.00000E+00    0.12674E+02    0.30000E+04    0.30000E+04
    4    sol3d    0.00000E+00    0.97489E+03    0.30000E+04    0.30000E+04
    5    drift    0.00000E+00    0.74579E+02    0.30000E+04    0.30000E+04
    6    cav      0.11366E+03    0.59138E+03    0.30000E+04    0.34870E+04
    7    matrx    0.00000E+00    0.00000E+00    0.34870E+04    0.34870E+04
    8    updat    0.00000E+00    0.00000E+00    0.34870E+04    0.34870E+04
    9    drift    0.00000E+00    0.11760E+02    0.34870E+04    0.34870E+04
   10    sol3d    0.00000E+00    0.90461E+03    0.34870E+04    0.34870E+04
   11    drift    0.00000E+00    0.69203E+02    0.34870E+04    0.34870E+04
   12    cav      0.14454E+03    0.54196E+03    0.34870E+04    0.42200E+04
   13    matrx    0.00000E+00    0.00000E+00    0.42200E+04    0.42200E+04
   14    updat    0.00000E+00    0.00000E+00    0.42200E+04    0.42200E+04
   15    drift    0.00000E+00    0.10696E+02    0.42200E+04    0.42200E+04
   16    sol3d    0.00000E+00    0.82279E+03    0.42200E+04    0.42200E+04
   17    drift    0.00000E+00    0.62943E+02    0.42200E+04    0.42200E+04
   18    cav      0.16968E+03    0.49075E+03    0.42200E+04    0.51629E+04
   19    matrx    0.00000E+00    0.00000E+00    0.51629E+04    0.51629E+04
   20    updat    0.00000E+00    0.00000E+00    0.51629E+04    0.51629E+04
   21    drift    0.00000E+00    0.96776E+01    0.51629E+04    0.51629E+04
   22    sol3d    0.00000E+00    0.74443E+03    0.51629E+04    0.51629E+04
   23    drift    0.00000E+00    0.56949E+02    0.51629E+04    0.51629E+04
   24    cav      0.19233E+03    0.44367E+03    0.51629E+04    0.62882E+04
   25    matrx    0.00000E+00    0.00000E+00    0.62882E+04    0.62882E+04
   26    updat    0.00000E+00    0.00000E+00    0.62882E+04    0.62882E+04
   27    drift    0.00000E+00    0.87769E+01    0.62882E+04    0.62882E+04
   28    sol3d    0.00000E+00    0.67514E+03    0.62882E+04    0.62882E+04
   29    drift    0.00000E+00    0.51649E+02    0.62882E+04    0.62882E+04
   30    cav      0.20985E+03    0.40329E+03    0.62882E+04    0.75370E+04
   31    matrx    0.00000E+00    0.00000E+00    0.75370E+04    0.75370E+04
   32    updat    0.00000E+00    0.00000E+00    0.75370E+04    0.75370E+04
   33    drift    0.00000E+00    0.80249E+01    0.75370E+04    0.75370E+04
   34    sol3d    0.00000E+00    0.61730E+03    0.75370E+04    0.75370E+04
   35    drift    0.00000E+00    0.47223E+02    0.75370E+04    0.75370E+04
   36    cav      0.23148E+03    0.37044E+03    0.75370E+04    0.88317E+04
   37    matrx    0.00000E+00    0.00000E+00    0.88317E+04    0.88317E+04
   38    updat    0.00000E+00    0.00000E+00    0.88317E+04    0.88317E+04
   39    drift    0.00000E+00    0.74210E+01    0.88317E+04    0.88317E+04
   40    sol3d    0.00000E+00    0.57085E+03    0.88317E+04    0.88317E+04
   41    drift    0.00000E+00    0.43670E+02    0.88317E+04    0.88317E+04
   42    cav      0.24995E+03    0.34406E+03    0.88317E+04    0.10157E+05
   43    drift    0.00000E+00    0.32020E+03    0.10157E+05    0.10157E+05
   44    drift    0.00000E+00    0.35436E+03    0.10157E+05    0.10157E+05
   45    drift    0.00000E+00    0.10798E+03    0.10157E+05    0.10157E+05
   46    matrx    0.00000E+00    0.00000E+00    0.10157E+05    0.10157E+05
   47    updat    0.00000E+00    0.00000E+00    0.10157E+05    0.10157E+05
   48    drift    0.00000E+00    0.69274E+01    0.10157E+05    0.10157E+05
   49    sol3d    0.00000E+00    0.53287E+03    0.10157E+05    0.10157E+05
   50    drift    0.00000E+00    0.40765E+02    0.10157E+05    0.10157E+05
   51    cav      0.91930E+02    0.64309E+03    0.10157E+05    0.12256E+05
   52    drift    0.00000E+00    0.19922E+03    0.12256E+05    0.12256E+05
   53    cav      0.13629E+03    0.58015E+03    0.12256E+05    0.15038E+05
   54    matrx    0.00000E+00    0.00000E+00    0.15038E+05    0.15038E+05
   55    updat    0.00000E+00    0.00000E+00    0.15038E+05    0.15038E+05
   56    drift    0.00000E+00    0.57152E+01    0.15038E+05    0.15038E+05
   57    sol3d    0.00000E+00    0.43963E+03    0.15038E+05    0.15038E+05
   58    drift    0.00000E+00    0.33632E+02    0.15038E+05    0.15038E+05
   59    cav      0.16553E+03    0.52605E+03    0.15038E+05    0.18162E+05
   60    drift    0.00000E+00    0.16442E+03    0.18162E+05    0.18162E+05
   61    cav      0.17505E+03    0.48408E+03    0.18162E+05    0.21184E+05
   62    matrx    0.00000E+00    0.00000E+00    0.21184E+05    0.21184E+05
   63    updat    0.00000E+00    0.00000E+00    0.21184E+05    0.21184E+05
   64    drift    0.00000E+00    0.48386E+01    0.21184E+05    0.21184E+05
   65    sol3d    0.00000E+00    0.37220E+03    0.21184E+05    0.21184E+05
   66    drift    0.00000E+00    0.28473E+02    0.21184E+05    0.21184E+05
   67    cav      0.19162E+03    0.45080E+03    0.21184E+05    0.24267E+05
   68    drift    0.00000E+00    0.14292E+03    0.24267E+05    0.24267E+05
   69    cav      0.20633E+03    0.42339E+03    0.24267E+05    0.27398E+05
   70    matrx    0.00000E+00    0.00000E+00    0.27398E+05    0.27398E+05
   71    updat    0.00000E+00    0.00000E+00    0.27398E+05    0.27398E+05
   72    drift    0.00000E+00    0.42754E+01    0.27398E+05    0.27398E+05
   73    sol3d    0.00000E+00    0.32887E+03    0.27398E+05    0.27398E+05
   74    drift    0.00000E+00    0.25159E+02    0.27398E+05    0.27398E+05
   75    cav      0.23152E+03    0.39954E+03    0.27398E+05    0.30845E+05
   76    drift    0.00000E+00    0.18675E+03    0.30845E+05    0.30845E+05
   77    drift    0.00000E+00    0.20667E+03    0.30845E+05    0.30845E+05
   78    drift    0.00000E+00    0.62979E+02    0.30845E+05    0.30845E+05
   79    matrx    0.00000E+00    0.00000E+00    0.30845E+05    0.30845E+05
   80    updat    0.00000E+00    0.00000E+00    0.30845E+05    0.30845E+05
   81    drift    0.00000E+00    0.40402E+01    0.30845E+05    0.30845E+05
   82    sol3d    0.00000E+00    0.31078E+03    0.30845E+05    0.30845E+05
   83    drift    0.00000E+00    0.23775E+02    0.30845E+05    0.30845E+05
   84    cav      0.24313E+03    0.37868E+03    0.30845E+05    0.34290E+05
   85    drift    0.00000E+00    0.12117E+03    0.34290E+05    0.34290E+05
   86    cav      0.25249E+03    0.36104E+03    0.34290E+05    0.37709E+05
   87    matrx    0.00000E+00    0.00000E+00    0.37709E+05    0.37709E+05
   88    updat    0.00000E+00    0.00000E+00    0.37709E+05    0.37709E+05
   89    drift    0.00000E+00    0.36735E+01    0.37709E+05    0.37709E+05
   90    sol3d    0.00000E+00    0.28257E+03    0.37709E+05    0.37709E+05
   91    drift    0.00000E+00    0.21617E+02    0.37709E+05    0.37709E+05
   92    cav      0.24540E+03    0.34647E+03    0.37709E+05    0.40748E+05
   93    drift    0.00000E+00    0.11171E+03    0.40748E+05    0.40748E+05
   94    cav      0.25154E+03    0.33457E+03    0.40748E+05    0.43753E+05
   95    matrx    0.00000E+00    0.00000E+00    0.43753E+05    0.43753E+05
   96    updat    0.00000E+00    0.00000E+00    0.43753E+05    0.43753E+05
   97    drift    0.00000E+00    0.34261E+01    0.43753E+05    0.43753E+05
   98    sol3d    0.00000E+00    0.26355E+03    0.43753E+05    0.43753E+05
   99    drift    0.00000E+00    0.20161E+02    0.43753E+05    0.43753E+05
  100    cav      0.25694E+03    0.32403E+03    0.43753E+05    0.46723E+05
  101    drift    0.00000E+00    0.10480E+03    0.46723E+05    0.46723E+05
  102    cav      0.26174E+03    0.31463E+03    0.46723E+05    0.49658E+05
  103    matrx    0.00000E+00    0.00000E+00    0.49658E+05    0.49658E+05
  104    updat    0.00000E+00    0.00000E+00    0.49658E+05    0.49658E+05
  105    drift    0.00000E+00    0.32304E+01    0.49658E+05    0.49658E+05
  106    sol3d    0.00000E+00    0.24850E+03    0.49658E+05    0.49658E+05
  107    drift    0.00000E+00    0.19010E+02    0.49658E+05    0.49658E+05
  108    cav      0.26606E+03    0.30618E+03    0.49658E+05    0.52557E+05
  109    drift    0.00000E+00    0.14546E+03    0.52557E+05    0.52557E+05
  110    drift    0.00000E+00    0.16098E+03    0.52557E+05    0.52557E+05
  111    drift    0.00000E+00    0.49055E+02    0.52557E+05    0.52557E+05
  112    matrx    0.00000E+00    0.00000E+00    0.52557E+05    0.52557E+05
  113    updat    0.00000E+00    0.00000E+00    0.52557E+05    0.52557E+05
  114    drift    0.00000E+00    0.31470E+01    0.52557E+05    0.52557E+05
  115    sol3d    0.00000E+00    0.24207E+03    0.52557E+05    0.52557E+05
  116    drift    0.00000E+00    0.18519E+02    0.52557E+05    0.52557E+05
  117    cav      0.12490E+03    0.59826E+03    0.52557E+05    0.55719E+05
  118    drift    0.00000E+00    0.19325E+03    0.55719E+05    0.55719E+05
  119    cav      0.13271E+03    0.58248E+03    0.55719E+05    0.59011E+05
  120    matrx    0.00000E+00    0.00000E+00    0.59011E+05    0.59011E+05
  121    updat    0.00000E+00    0.00000E+00    0.59011E+05    0.59011E+05
  122    drift    0.00000E+00    0.59687E+01    0.59011E+05    0.59011E+05
  123    sol3d    0.00000E+00    0.45913E+03    0.59011E+05    0.59011E+05
  124    drift    0.00000E+00    0.35124E+02    0.59011E+05    0.59011E+05
  125    cav      0.14016E+03    0.56749E+03    0.59011E+05    0.62420E+05
  126    drift    0.00000E+00    0.18350E+03    0.62420E+05    0.62420E+05
  127    cav      0.14724E+03    0.55330E+03    0.62420E+05    0.65933E+05
  128    matrx    0.00000E+00    0.00000E+00    0.65933E+05    0.65933E+05
  129    updat    0.00000E+00    0.00000E+00    0.65933E+05    0.65933E+05
  130    drift    0.00000E+00    0.56760E+01    0.65933E+05    0.65933E+05
  131    sol3d    0.00000E+00    0.43661E+03    0.65933E+05    0.65933E+05
  132    drift    0.00000E+00    0.33401E+02    0.65933E+05    0.65933E+05
  133    cav      0.15394E+03    0.53990E+03    0.65933E+05    0.69538E+05
  134    drift    0.00000E+00    0.17478E+03    0.69538E+05    0.69538E+05
  135    cav      0.16027E+03    0.52727E+03    0.69538E+05    0.73223E+05
  136    matrx    0.00000E+00    0.00000E+00    0.73223E+05    0.73223E+05
  137    updat    0.00000E+00    0.00000E+00    0.73223E+05    0.73223E+05
  138    drift    0.00000E+00    0.54152E+01    0.73223E+05    0.73223E+05
  139    sol3d    0.00000E+00    0.41655E+03    0.73223E+05    0.73223E+05
  140    drift    0.00000E+00    0.31866E+02    0.73223E+05    0.73223E+05
  141    cav      0.16623E+03    0.51539E+03    0.73223E+05    0.76976E+05
  142    drift    0.00000E+00    0.24480E+03    0.76976E+05    0.76976E+05
  143    drift    0.00000E+00    0.27092E+03    0.76976E+05    0.76976E+05
  144    drift    0.00000E+00    0.82556E+02    0.76976E+05    0.76976E+05
  145    matrx    0.00000E+00    0.00000E+00    0.76976E+05    0.76976E+05
  146    updat    0.00000E+00    0.00000E+00    0.76976E+05    0.76976E+05
  147    drift    0.00000E+00    0.52961E+01    0.76976E+05    0.76976E+05
  148    sol3d    0.00000E+00    0.40739E+03    0.76976E+05    0.76976E+05
  149    drift    0.00000E+00    0.31165E+02    0.76976E+05    0.76976E+05
  150    cav      0.17185E+03    0.50421E+03    0.76976E+05    0.80790E+05
  151    drift    0.00000E+00    0.16350E+03    0.80790E+05    0.80790E+05
  152    cav      0.17714E+03    0.49369E+03    0.80790E+05    0.84654E+05
  153    matrx    0.00000E+00    0.00000E+00    0.84654E+05    0.84654E+05
  154    updat    0.00000E+00    0.00000E+00    0.84654E+05    0.84654E+05
  155    drift    0.00000E+00    0.50786E+01    0.84654E+05    0.84654E+05
  156    sol3d    0.00000E+00    0.39066E+03    0.84654E+05    0.84654E+05
  157    drift    0.00000E+00    0.29886E+02    0.84654E+05    0.84654E+05
  158    cav      0.18212E+03    0.48380E+03    0.84654E+05    0.88562E+05
  159    drift    0.00000E+00    0.15704E+03    0.88562E+05    0.88562E+05
  160    cav      0.18682E+03    0.47450E+03    0.88562E+05    0.92507E+05
  161    matrx    0.00000E+00    0.00000E+00    0.92507E+05    0.92507E+05
  162    updat    0.00000E+00    0.00000E+00    0.92507E+05    0.92507E+05
  163    drift    0.00000E+00    0.48860E+01    0.92507E+05    0.92507E+05
  164    sol3d    0.00000E+00    0.37585E+03    0.92507E+05    0.92507E+05
  165    drift    0.00000E+00    0.28752E+02    0.92507E+05    0.92507E+05
  166    cav      0.19124E+03    0.46574E+03    0.92507E+05    0.96483E+05
  167    drift    0.00000E+00    0.15132E+03    0.96483E+05    0.96483E+05
  168    cav      0.19540E+03    0.45748E+03    0.96483E+05    0.10048E+06
  169    matrx    0.00000E+00    0.00000E+00    0.10048E+06    0.10048E+06
  170    updat    0.00000E+00    0.00000E+00    0.10048E+06    0.10048E+06
  171    drift    0.00000E+00    0.47150E+01    0.10048E+06    0.10048E+06
  172    sol3d    0.00000E+00    0.36269E+03    0.10048E+06    0.10048E+06
  173    drift    0.00000E+00    0.27746E+02    0.10048E+06    0.10048E+06
  174    cav      0.19933E+03    0.44970E+03    0.10048E+06    0.10451E+06
  175    drift    0.00000E+00    0.21432E+03    0.10451E+06    0.10451E+06
  176    drift    0.00000E+00    0.23718E+03    0.10451E+06    0.10451E+06
  177    drift    0.00000E+00    0.72276E+02    0.10451E+06    0.10451E+06
  178    matrx    0.00000E+00    0.00000E+00    0.10451E+06    0.10451E+06
  179    updat    0.00000E+00    0.00000E+00    0.10451E+06    0.10451E+06
  180    drift    0.00000E+00    0.46366E+01    0.10451E+06    0.10451E+06
  181    sol3d    0.00000E+00    0.35666E+03    0.10451E+06    0.10451E+06
  182    drift    0.00000E+00    0.27285E+02    0.10451E+06    0.10451E+06
  183    cav      0.20304E+03    0.44235E+03    0.10451E+06    0.10854E+06
  184    drift    0.00000E+00    0.14390E+03    0.10854E+06    0.10854E+06
  185    cav      0.20655E+03    0.43541E+03    0.10854E+06    0.11260E+06
  186    matrx    0.00000E+00    0.00000E+00    0.11260E+06    0.11260E+06
  187    updat    0.00000E+00    0.00000E+00    0.11260E+06    0.11260E+06
  188    drift    0.00000E+00    0.44926E+01    0.11260E+06    0.11260E+06
  189    sol3d    0.00000E+00    0.34558E+03    0.11260E+06    0.11260E+06
  190    drift    0.00000E+00    0.26437E+02    0.11260E+06    0.11260E+06
  191    cav      0.20987E+03    0.42884E+03    0.11260E+06    0.11666E+06
  192    drift    0.00000E+00    0.13960E+03    0.11666E+06    0.11666E+06
  193    cav      0.21301E+03    0.42261E+03    0.11666E+06    0.12073E+06
  194    matrx    0.00000E+00    0.00000E+00    0.12073E+06    0.12073E+06
  195    updat    0.00000E+00    0.00000E+00    0.12073E+06    0.12073E+06
  196    drift    0.00000E+00    0.43635E+01    0.12073E+06    0.12073E+06
  197    sol3d    0.00000E+00    0.33565E+03    0.12073E+06    0.12073E+06
  198    drift    0.00000E+00    0.25677E+02    0.12073E+06    0.12073E+06
  199    cav      0.21600E+03    0.41671E+03    0.12073E+06    0.12480E+06
  200    drift    0.00000E+00    0.13574E+03    0.12480E+06    0.12480E+06
  201    cav      0.21883E+03    0.41111E+03    0.12480E+06    0.12888E+06
  202    matrx    0.00000E+00    0.00000E+00    0.12888E+06    0.12888E+06
  203    updat    0.00000E+00    0.00000E+00    0.12888E+06    0.12888E+06
  204    drift    0.00000E+00    0.42472E+01    0.12888E+06    0.12888E+06
  205    sol3d    0.00000E+00    0.32671E+03    0.12888E+06    0.12888E+06
  206    drift    0.00000E+00    0.24993E+02    0.12888E+06    0.12888E+06
  207    cav      0.22152E+03    0.40579E+03    0.12888E+06    0.13296E+06
  208    drift    0.00000E+00    0.19383E+03    0.13296E+06    0.13296E+06
  209    drift    0.00000E+00    0.21451E+03    0.13296E+06    0.13296E+06
  210    drift    0.00000E+00    0.65366E+02    0.13296E+06    0.13296E+06
  211    matrx    0.00000E+00    0.00000E+00    0.13296E+06    0.13296E+06
  212    updat    0.00000E+00    0.00000E+00    0.13296E+06    0.13296E+06
  213    drift    0.00000E+00    0.41933E+01    0.13296E+06    0.13296E+06
  214    sol3d    0.00000E+00    0.32257E+03    0.13296E+06    0.13296E+06
  215    drift    0.00000E+00    0.24676E+02    0.13296E+06    0.13296E+06
  216    cav      0.22407E+03    0.40072E+03    0.13296E+06    0.13704E+06
  217    drift    0.00000E+00    0.13063E+03    0.13704E+06    0.13704E+06
  218    cav      0.22651E+03    0.39590E+03    0.13704E+06    0.14112E+06
  219    matrx    0.00000E+00    0.00000E+00    0.14112E+06    0.14112E+06
  220    updat    0.00000E+00    0.00000E+00    0.14112E+06    0.14112E+06
  221    drift    0.00000E+00    0.40932E+01    0.14112E+06    0.14112E+06
  222    sol3d    0.00000E+00    0.31486E+03    0.14112E+06    0.14112E+06
  223    drift    0.00000E+00    0.24087E+02    0.14112E+06    0.14112E+06
  224    cav      0.22883E+03    0.39130E+03    0.14112E+06    0.14519E+06
  225    drift    0.00000E+00    0.12762E+03    0.14519E+06    0.14519E+06
  226    cav      0.23105E+03    0.38691E+03    0.14519E+06    0.14926E+06
  227    matrx    0.00000E+00    0.00000E+00    0.14926E+06    0.14926E+06
  228    updat    0.00000E+00    0.00000E+00    0.14926E+06    0.14926E+06
  229    drift    0.00000E+00    0.40020E+01    0.14926E+06    0.14926E+06
  230    sol3d    0.00000E+00    0.30785E+03    0.14926E+06    0.14926E+06
  231    drift    0.00000E+00    0.23550E+02    0.14926E+06    0.14926E+06
  232    cav      0.23317E+03    0.38272E+03    0.14926E+06    0.15333E+06
  233    drift    0.00000E+00    0.12487E+03    0.15333E+06    0.15333E+06
  234    cav      0.23519E+03    0.37871E+03    0.15333E+06    0.15739E+06
  235    matrx    0.00000E+00    0.00000E+00    0.15739E+06    0.15739E+06
  236    updat    0.00000E+00    0.00000E+00    0.15739E+06    0.15739E+06
  237    drift    0.00000E+00    0.39187E+01    0.15739E+06    0.15739E+06
  238    sol3d    0.00000E+00    0.30144E+03    0.15739E+06    0.15739E+06
  239    drift    0.00000E+00    0.23060E+02    0.15739E+06    0.15739E+06
  240    cav      0.23713E+03    0.37487E+03    0.15739E+06    0.16145E+06
  241    drift    0.00000E+00    0.17933E+03    0.16145E+06    0.16145E+06
  242    drift    0.00000E+00    0.19846E+03    0.16145E+06    0.16145E+06
  243    drift    0.00000E+00    0.60477E+02    0.16145E+06    0.16145E+06
  244    matrx    0.00000E+00    0.00000E+00    0.16145E+06    0.16145E+06
  245    updat    0.00000E+00    0.00000E+00    0.16145E+06    0.16145E+06
  246    drift    0.00000E+00    0.38797E+01    0.16145E+06    0.16145E+06
  247    sol3d    0.00000E+00    0.37305E+03    0.16145E+06    0.16145E+06
  248    drift    0.00000E+00    0.22830E+02    0.16145E+06    0.16145E+06
  249    cav      0.16580E+02    0.13654E+04    0.16145E+06    0.16691E+06
  250    drift    0.00000E+00    0.24156E+03    0.16691E+06    0.16691E+06
  251    cav      0.25350E+02    0.13474E+04    0.16691E+06    0.17277E+06
  252    drift    0.00000E+00    0.23835E+03    0.17277E+06    0.17277E+06
  253    cav      0.34270E+02    0.13292E+04    0.17277E+06    0.17902E+06
  254    matrx    0.00000E+00    0.00000E+00    0.17902E+06    0.17902E+06
  255    updat    0.00000E+00    0.00000E+00    0.17902E+06    0.17902E+06
  256    drift    0.00000E+00    0.74549E+01    0.17902E+06    0.17902E+06
  257    sol3d    0.00000E+00    0.71681E+03    0.17902E+06    0.17902E+06
  258    drift    0.00000E+00    0.43869E+02    0.17902E+06    0.17902E+06
  259    cav      0.43270E+02    0.13110E+04    0.17902E+06    0.18567E+06
  260    drift    0.00000E+00    0.23188E+03    0.18567E+06    0.18567E+06
  261    cav      0.52270E+02    0.12927E+04    0.18567E+06    0.19267E+06
  262    drift    0.00000E+00    0.22866E+03    0.19267E+06    0.19267E+06
  263    cav      0.61210E+02    0.12747E+04    0.19267E+06    0.20003E+06
  264    drift    0.00000E+00    0.33047E+03    0.20003E+06    0.20003E+06
  265    drift    0.00000E+00    0.36572E+03    0.20003E+06    0.20003E+06
  266    drift    0.00000E+00    0.11144E+03    0.20003E+06    0.20003E+06
  267    matrx    0.00000E+00    0.00000E+00    0.20003E+06    0.20003E+06
  268    updat    0.00000E+00    0.00000E+00    0.20003E+06    0.20003E+06
  269    drift    0.00000E+00    0.71494E+01    0.20003E+06    0.20003E+06
  270    sol3d    0.00000E+00    0.68744E+03    0.20003E+06    0.20003E+06
  271    drift    0.00000E+00    0.42071E+02    0.20003E+06    0.20003E+06
  272    cav      0.70030E+02    0.12569E+04    0.20003E+06    0.20769E+06
  273    drift    0.00000E+00    0.22237E+03    0.20769E+06    0.20769E+06
  274    cav      0.78670E+02    0.12396E+04    0.20769E+06    0.21563E+06
  275    drift    0.00000E+00    0.21933E+03    0.21563E+06    0.21563E+06
  276    cav      0.87090E+02    0.12227E+04    0.21563E+06    0.22382E+06
  277    matrx    0.00000E+00    0.00000E+00    0.22382E+06    0.22382E+06
  278    updat    0.00000E+00    0.00000E+00    0.22382E+06    0.22382E+06
  279    drift    0.00000E+00    0.68613E+01    0.22382E+06    0.22382E+06
  280    sol3d    0.00000E+00    0.65974E+03    0.22382E+06    0.22382E+06
  281    drift    0.00000E+00    0.40376E+02    0.22382E+06    0.22382E+06
  282    cav      0.95240E+02    0.12064E+04    0.22382E+06    0.23222E+06
  283    drift    0.00000E+00    0.21356E+03    0.23222E+06    0.23222E+06
  284    cav      0.10310E+03    0.11907E+04    0.23222E+06    0.24079E+06
  285    drift    0.00000E+00    0.21084E+03    0.24079E+06    0.24079E+06
  286    cav      0.11065E+03    0.11757E+04    0.24079E+06    0.24950E+06
  287    drift    0.00000E+00    0.30519E+03    0.24950E+06    0.24950E+06
  288    drift    0.00000E+00    0.33775E+03    0.24950E+06    0.24950E+06
  289    drift    0.00000E+00    0.10292E+03    0.24950E+06    0.24950E+06
  290    matrx    0.00000E+00    0.00000E+00    0.24950E+06    0.24950E+06
  291    updat    0.00000E+00    0.00000E+00    0.24950E+06    0.24950E+06
  292    drift    0.00000E+00    0.66026E+01    0.24950E+06    0.24950E+06
  293    sol3d    0.00000E+00    0.63486E+03    0.24950E+06    0.24950E+06
  294    drift    0.00000E+00    0.38854E+02    0.24950E+06    0.24950E+06
  295    cav      0.11787E+03    0.11614E+04    0.24950E+06    0.25832E+06
  296    drift    0.00000E+00    0.20575E+03    0.25832E+06    0.25832E+06
  297    cav      0.12476E+03    0.11477E+04    0.25832E+06    0.26722E+06
  298    drift    0.00000E+00    0.20338E+03    0.26722E+06    0.26722E+06
  299    cav      0.13133E+03    0.11347E+04    0.26722E+06    0.27617E+06
  300    matrx    0.00000E+00    0.00000E+00    0.27617E+06    0.27617E+06
  301    updat    0.00000E+00    0.00000E+00    0.27617E+06    0.27617E+06
  302    drift    0.00000E+00    0.63773E+01    0.27617E+06    0.27617E+06
  303    sol3d    0.00000E+00    0.61320E+03    0.27617E+06    0.27617E+06
  304    drift    0.00000E+00    0.37528E+02    0.27617E+06    0.27617E+06
  305    cav      0.13757E+03    0.11223E+04    0.27617E+06    0.28515E+06
  306    drift    0.00000E+00    0.19899E+03    0.28515E+06    0.28515E+06
  307    cav      0.14349E+03    0.11106E+04    0.28515E+06    0.29413E+06
  308    drift    0.00000E+00    0.19696E+03    0.29413E+06    0.29413E+06
  309    cav      0.14911E+03    0.10995E+04    0.29413E+06    0.30311E+06
  310    drift    0.00000E+00    0.28586E+03    0.30311E+06    0.30311E+06
  311    drift    0.00000E+00    0.31635E+03    0.30311E+06    0.30311E+06
  312    drift    0.00000E+00    0.96401E+02    0.30311E+06    0.30311E+06
  313    matrx    0.00000E+00    0.00000E+00    0.30311E+06    0.30311E+06
  314    updat    0.00000E+00    0.00000E+00    0.30311E+06    0.30311E+06
  315    drift    0.00000E+00    0.61843E+01    0.30311E+06    0.30311E+06
  316    sol3d    0.00000E+00    0.59464E+03    0.30311E+06    0.30311E+06
  317    drift    0.00000E+00    0.36392E+02    0.30311E+06    0.30311E+06
  318    cav      0.15474E+03    0.10879E+04    0.30311E+06    0.31385E+06
  319    drift    0.00000E+00    0.19287E+03    0.31385E+06    0.31385E+06
  320    cav      0.16076E+03    0.10760E+04    0.31385E+06    0.32453E+06
  321    drift    0.00000E+00    0.19082E+03    0.32453E+06    0.32453E+06
  322    cav      0.16641E+03    0.10649E+04    0.32453E+06    0.33514E+06
  323    matrx    0.00000E+00    0.00000E+00    0.33514E+06    0.33514E+06
  324    updat    0.00000E+00    0.00000E+00    0.33514E+06    0.33514E+06
  325    drift    0.00000E+00    0.59898E+01    0.33514E+06    0.33514E+06
  326    sol3d    0.00000E+00    0.57594E+03    0.33514E+06    0.33514E+06
  327    drift    0.00000E+00    0.35248E+02    0.33514E+06    0.33514E+06
  328    cav      0.17171E+03    0.10545E+04    0.33514E+06    0.34565E+06
  329    drift    0.00000E+00    0.18711E+03    0.34565E+06    0.34565E+06
  330    cav      0.17669E+03    0.10447E+04    0.34565E+06    0.35606E+06
  331    drift    0.00000E+00    0.18542E+03    0.35606E+06    0.35606E+06
  332    cav      0.18136E+03    0.10355E+04    0.35606E+06    0.36636E+06
  333    drift    0.00000E+00    0.26943E+03    0.36636E+06    0.36636E+06
  334    drift    0.00000E+00    0.29817E+03    0.36636E+06    0.36636E+06
  335    drift    0.00000E+00    0.90861E+02    0.36636E+06    0.36636E+06
  336    matrx    0.00000E+00    0.00000E+00    0.36636E+06    0.36636E+06
  337    updat    0.00000E+00    0.00000E+00    0.36636E+06    0.36636E+06
  338    drift    0.00000E+00    0.58289E+01    0.36636E+06    0.36636E+06
  339    sol3d    0.00000E+00    0.56047E+03    0.36636E+06    0.36636E+06
  340    drift    0.00000E+00    0.34301E+02    0.36636E+06    0.36636E+06
  341    cav      0.18576E+03    0.10268E+04    0.36636E+06    0.37653E+06
  342    drift    0.00000E+00    0.18234E+03    0.37653E+06    0.37653E+06
  343    cav      0.18990E+03    0.10186E+04    0.37653E+06    0.38658E+06
  344    drift    0.00000E+00    0.18093E+03    0.38658E+06    0.38658E+06
  345    cav      0.19381E+03    0.10110E+04    0.38658E+06    0.39651E+06
  346    matrx    0.00000E+00    0.00000E+00    0.39651E+06    0.39651E+06
  347    updat    0.00000E+00    0.00000E+00    0.39651E+06    0.39651E+06
  348    drift    0.00000E+00    0.56946E+01    0.39651E+06    0.39651E+06
  349    sol3d    0.00000E+00    0.54756E+03    0.39651E+06    0.39651E+06
  350    drift    0.00000E+00    0.33511E+02    0.39651E+06    0.39651E+06
  351    cav      0.19749E+03    0.10037E+04    0.39651E+06    0.40631E+06
  352    drift    0.00000E+00    0.17834E+03    0.40631E+06    0.40631E+06
  353    cav      0.20097E+03    0.99684E+03    0.40631E+06    0.41598E+06
  354    drift    0.00000E+00    0.17716E+03    0.41598E+06    0.41598E+06
  355    cav      0.20426E+03    0.99035E+03    0.41598E+06    0.42552E+06
  356    drift    0.00000E+00    0.25799E+03    0.42552E+06    0.42552E+06
  357    drift    0.00000E+00    0.28551E+03    0.42552E+06    0.42552E+06
  358    drift    0.00000E+00    0.87004E+02    0.42552E+06    0.42552E+06
  359    matrx    0.00000E+00    0.00000E+00    0.42552E+06    0.42552E+06
  360    updat    0.00000E+00    0.00000E+00    0.42552E+06    0.42552E+06
  361    drift    0.00000E+00    0.55814E+01    0.42552E+06    0.42552E+06
  362    sol3d    0.00000E+00    0.53668E+03    0.42552E+06    0.42552E+06
  363    drift    0.00000E+00    0.32845E+02    0.42552E+06    0.42552E+06
  364    cav      0.68190E+02    0.12625E+04    0.42552E+06    0.43689E+06
  365    drift    0.00000E+00    0.17475E+03    0.43689E+06    0.43689E+06
  366    cav      0.72760E+02    0.12533E+04    0.43689E+06    0.44857E+06
  367    drift    0.00000E+00    0.17349E+03    0.44857E+06    0.44857E+06
  368    cav      0.77230E+02    0.12443E+04    0.44857E+06    0.46054E+06
  369    matrx    0.00000E+00    0.00000E+00    0.46054E+06    0.46054E+06
  370    updat    0.00000E+00    0.00000E+00    0.46054E+06    0.46054E+06
  371    drift    0.00000E+00    0.54619E+01    0.46054E+06    0.46054E+06
  372    sol3d    0.00000E+00    0.52518E+03    0.46054E+06    0.46054E+06
  373    drift    0.00000E+00    0.32141E+02    0.46054E+06    0.46054E+06
  374    cav      0.81600E+02    0.12355E+04    0.46054E+06    0.47278E+06
  375    drift    0.00000E+00    0.17106E+03    0.47278E+06    0.47278E+06
  376    cav      0.85870E+02    0.12270E+04    0.47278E+06    0.48527E+06
  377    drift    0.00000E+00    0.16989E+03    0.48527E+06    0.48527E+06
  378    cav      0.90030E+02    0.12187E+04    0.48527E+06    0.49800E+06
  379    drift    0.00000E+00    0.24733E+03    0.49800E+06    0.49800E+06
  380    drift    0.00000E+00    0.27371E+03    0.49800E+06    0.49800E+06
  381    drift    0.00000E+00    0.83409E+02    0.49800E+06    0.49800E+06
  382    matrx    0.00000E+00    0.00000E+00    0.49800E+06    0.49800E+06
  383    updat    0.00000E+00    0.00000E+00    0.49800E+06    0.49800E+06
  384    drift    0.00000E+00    0.53508E+01    0.49800E+06    0.49800E+06
  385    sol3d    0.00000E+00    0.51450E+03    0.49800E+06    0.49800E+06
  386    drift    0.00000E+00    0.31487E+02    0.49800E+06    0.49800E+06
  387    cav      0.94060E+02    0.12106E+04    0.49800E+06    0.51096E+06
  388    drift    0.00000E+00    0.16765E+03    0.51096E+06    0.51096E+06
  389    cav      0.97990E+02    0.12027E+04    0.51096E+06    0.52411E+06
  390    drift    0.00000E+00    0.16658E+03    0.52411E+06    0.52411E+06
  391    cav      0.10179E+03    0.11951E+04    0.52411E+06    0.53746E+06
  392    matrx    0.00000E+00    0.00000E+00    0.53746E+06    0.53746E+06
  393    updat    0.00000E+00    0.00000E+00    0.53746E+06    0.53746E+06
  394    drift    0.00000E+00    0.52491E+01    0.53746E+06    0.53746E+06
  395    sol3d    0.00000E+00    0.50472E+03    0.53746E+06    0.53746E+06
  396    drift    0.00000E+00    0.30889E+02    0.53746E+06    0.53746E+06
  397    cav      0.10547E+03    0.11878E+04    0.53746E+06    0.55097E+06
  398    drift    0.00000E+00    0.16455E+03    0.55097E+06    0.55097E+06
  399    cav      0.10903E+03    0.11807E+04    0.55097E+06    0.56465E+06
  400    drift    0.00000E+00    0.16358E+03    0.56465E+06    0.56465E+06
  401    cav      0.11248E+03    0.11738E+04    0.56465E+06    0.57846E+06
  402    drift    0.00000E+00    0.23837E+03    0.57846E+06    0.57846E+06
  403    drift    0.00000E+00    0.26380E+03    0.57846E+06    0.57846E+06
  404    drift    0.00000E+00    0.80388E+02    0.57846E+06    0.57846E+06
  405    matrx    0.00000E+00    0.00000E+00    0.57846E+06    0.57846E+06
  406    updat    0.00000E+00    0.00000E+00    0.57846E+06    0.57846E+06
  407    drift    0.00000E+00    0.51570E+01    0.57846E+06    0.57846E+06
  408    sol3d    0.00000E+00    0.49587E+03    0.57846E+06    0.57846E+06
  409    drift    0.00000E+00    0.30347E+02    0.57846E+06    0.57846E+06
  410    cav      0.11580E+03    0.11672E+04    0.57846E+06    0.59241E+06
  411    drift    0.00000E+00    0.16174E+03    0.59241E+06    0.59241E+06
  412    cav      0.11901E+03    0.11608E+04    0.59241E+06    0.60647E+06
  413    drift    0.00000E+00    0.16087E+03    0.60647E+06    0.60647E+06
  414    cav      0.12211E+03    0.11546E+04    0.60647E+06    0.62064E+06
  415    matrx    0.00000E+00    0.00000E+00    0.62064E+06    0.62064E+06
  416    updat    0.00000E+00    0.00000E+00    0.62064E+06    0.62064E+06
  417    drift    0.00000E+00    0.50742E+01    0.62064E+06    0.62064E+06
  418    sol3d    0.00000E+00    0.48790E+03    0.62064E+06    0.62064E+06
  419    drift    0.00000E+00    0.29860E+02    0.62064E+06    0.62064E+06
  420    cav      0.12510E+03    0.11486E+04    0.62064E+06    0.63490E+06
  421    drift    0.00000E+00    0.15922E+03    0.63490E+06    0.63490E+06
  422    cav      0.12799E+03    0.11429E+04    0.63490E+06    0.64924E+06
  423    drift    0.00000E+00    0.15844E+03    0.64924E+06    0.64924E+06
  424    cav      0.13077E+03    0.11374E+04    0.64924E+06    0.66366E+06
  425    drift    0.00000E+00    0.23111E+03    0.66366E+06    0.66366E+06
  426    drift    0.00000E+00    0.25576E+03    0.66366E+06    0.66366E+06
  427    drift    0.00000E+00    0.77938E+02    0.66366E+06    0.66366E+06
  428    matrx    0.00000E+00    0.00000E+00    0.66366E+06    0.66366E+06
  429    updat    0.00000E+00    0.00000E+00    0.66366E+06    0.66366E+06
  430    drift    0.00000E+00    0.49998E+01    0.66366E+06    0.66366E+06
  431    sol3d    0.00000E+00    0.48075E+03    0.66366E+06    0.66366E+06
  432    drift    0.00000E+00    0.29422E+02    0.66366E+06    0.66366E+06
  433    cav      0.13345E+03    0.11320E+04    0.66366E+06    0.67814E+06
  434    drift    0.00000E+00    0.15696E+03    0.67814E+06    0.67814E+06
  435    cav      0.13603E+03    0.11269E+04    0.67814E+06    0.69268E+06
  436    drift    0.00000E+00    0.15626E+03    0.69268E+06    0.69268E+06
  437    cav      0.13852E+03    0.11219E+04    0.69268E+06    0.70727E+06
  438    matrx    0.00000E+00    0.00000E+00    0.70727E+06    0.70727E+06
  439    updat    0.00000E+00    0.00000E+00    0.70727E+06    0.70727E+06
  440    drift    0.00000E+00    0.49333E+01    0.70727E+06    0.70727E+06
  441    sol3d    0.00000E+00    0.47435E+03    0.70727E+06    0.70727E+06
  442    drift    0.00000E+00    0.29030E+02    0.70727E+06    0.70727E+06
  443    cav      0.14092E+03    0.11172E+04    0.70727E+06    0.72189E+06
  444    drift    0.00000E+00    0.15494E+03    0.72189E+06    0.72189E+06
  445    cav      0.14323E+03    0.11126E+04    0.72189E+06    0.73655E+06
  446    drift    0.00000E+00    0.15431E+03    0.73655E+06    0.73655E+06
  447    cav      0.14546E+03    0.11081E+04    0.73655E+06    0.75124E+06
  448    drift    0.00000E+00    0.22527E+03    0.75124E+06    0.75124E+06
  449    drift    0.00000E+00    0.24930E+03    0.75124E+06    0.75124E+06
  450    drift    0.00000E+00    0.75970E+02    0.75124E+06    0.75124E+06
  451    matrx    0.00000E+00    0.00000E+00    0.75124E+06    0.75124E+06
  452    updat    0.00000E+00    0.00000E+00    0.75124E+06    0.75124E+06
  453    drift    0.00000E+00    0.48736E+01    0.75124E+06    0.75124E+06
  454    sol3d    0.00000E+00    0.46862E+03    0.75124E+06    0.75124E+06
  455    drift    0.00000E+00    0.28679E+02    0.75124E+06    0.75124E+06
  456    cav      0.14762E+03    0.11039E+04    0.75124E+06    0.76596E+06
  457    drift    0.00000E+00    0.15312E+03    0.76596E+06    0.76596E+06
  458    cav      0.14969E+03    0.10997E+04    0.76596E+06    0.78069E+06
  459    drift    0.00000E+00    0.15256E+03    0.78069E+06    0.78069E+06
  460    cav      0.15169E+03    0.10958E+04    0.78069E+06    0.79544E+06
  461    matrx    0.00000E+00    0.00000E+00    0.79544E+06    0.79544E+06
  462    updat    0.00000E+00    0.00000E+00    0.79544E+06    0.79544E+06
  463    drift    0.00000E+00    0.48201E+01    0.79544E+06    0.79544E+06
  464    sol3d    0.00000E+00    0.46347E+03    0.79544E+06    0.79544E+06
  465    drift    0.00000E+00    0.28365E+02    0.79544E+06    0.79544E+06
  466    cav      0.15362E+03    0.10919E+04    0.79544E+06    0.81019E+06
  467    drift    0.00000E+00    0.15150E+03    0.81019E+06    0.81019E+06
  468    cav      0.15549E+03    0.10882E+04    0.81019E+06    0.82496E+06
  469    drift    0.00000E+00    0.15099E+03    0.82496E+06    0.82496E+06
  470    cav      0.15729E+03    0.10846E+04    0.82496E+06    0.83972E+06
  471    drift    0.00000E+00    0.22058E+03    0.83972E+06    0.83972E+06
  472    drift    0.00000E+00    0.24411E+03    0.83972E+06    0.83972E+06
  473    drift    0.00000E+00    0.74387E+02    0.83972E+06    0.83972E+06
  474    matrx    0.00000E+00    0.00000E+00    0.83972E+06    0.83972E+06
  475    updat    0.00000E+00    0.00000E+00    0.83972E+06    0.83972E+06
  476    drift    0.00000E+00    0.47720E+01    0.83972E+06    0.83972E+06
  477    sol3d    0.00000E+00    0.45885E+03    0.83972E+06    0.83972E+06
  478    drift    0.00000E+00    0.28082E+02    0.83972E+06    0.83972E+06
  479    cav      0.15903E+03    0.10812E+04    0.83972E+06    0.85449E+06
  480    drift    0.00000E+00    0.15003E+03    0.85449E+06    0.85449E+06
  481    cav      0.16071E+03    0.10778E+04    0.85449E+06    0.86925E+06
  482    drift    0.00000E+00    0.14958E+03    0.86925E+06    0.86925E+06
  483    cav      0.16233E+03    0.10746E+04    0.86925E+06    0.88401E+06
  484    matrx    0.00000E+00    0.00000E+00    0.88401E+06    0.88401E+06
  485    updat    0.00000E+00    0.00000E+00    0.88401E+06    0.88401E+06
  486    drift    0.00000E+00    0.47287E+01    0.88401E+06    0.88401E+06
  487    sol3d    0.00000E+00    0.45468E+03    0.88401E+06    0.88401E+06
  488    drift    0.00000E+00    0.27826E+02    0.88401E+06    0.88401E+06
  489    cav      0.16390E+03    0.10715E+04    0.88401E+06    0.89876E+06
  490    drift    0.00000E+00    0.14871E+03    0.89876E+06    0.89876E+06
  491    cav      0.16542E+03    0.10685E+04    0.89876E+06    0.91350E+06
  492    drift    0.00000E+00    0.14830E+03    0.91350E+06    0.91350E+06
  493    cav      0.16689E+03    0.10656E+04    0.91350E+06    0.92823E+06
  494    drift    0.00000E+00    0.21676E+03    0.92823E+06    0.92823E+06
  495    drift    0.00000E+00    0.23988E+03    0.92823E+06    0.92823E+06
  496    drift    0.00000E+00    0.73100E+02    0.92823E+06    0.92823E+06
  497    matrx    0.00000E+00    0.00000E+00    0.92823E+06    0.92823E+06
  498    updat    0.00000E+00    0.00000E+00    0.92823E+06    0.92823E+06
  499    drift    0.00000E+00    0.46895E+01    0.92823E+06    0.92823E+06
  500    sol3d    0.00000E+00    0.45091E+03    0.92823E+06    0.92823E+06
  501    drift    0.00000E+00    0.27596E+02    0.92823E+06    0.92823E+06
  502    cav      0.16831E+03    0.10627E+04    0.92823E+06    0.94294E+06
  503    drift    0.00000E+00    0.14751E+03    0.94294E+06    0.94294E+06
  504    cav      0.16968E+03    0.10600E+04    0.94294E+06    0.95764E+06
  505    drift    0.00000E+00    0.14714E+03    0.95764E+06    0.95764E+06
  506    cav      0.17101E+03    0.10574E+04    0.95764E+06    0.97232E+06
  507    matrx    0.00000E+00    0.00000E+00    0.97232E+06    0.97232E+06
  508    updat    0.00000E+00    0.00000E+00    0.97232E+06    0.97232E+06
  509    drift    0.00000E+00    0.46539E+01    0.97232E+06    0.97232E+06
  510    sol3d    0.00000E+00    0.44749E+03    0.97232E+06    0.97232E+06
  511    drift    0.00000E+00    0.27386E+02    0.97232E+06    0.97232E+06
  512    cav      0.17230E+03    0.10548E+04    0.97232E+06    0.98699E+06
  513    drift    0.00000E+00    0.14643E+03    0.98699E+06    0.98699E+06
  514    cav      0.17355E+03    0.10523E+04    0.98699E+06    0.10016E+07
  515    drift    0.00000E+00    0.14609E+03    0.10016E+07    0.10016E+07
  516    cav      0.17477E+03    0.10499E+04    0.10016E+07    0.10163E+07
  517    drift    0.00000E+00    0.21362E+03    0.10163E+07    0.10163E+07
  518    drift    0.00000E+00    0.23641E+03    0.10163E+07    0.10163E+07
  519    drift    0.00000E+00    0.72041E+02    0.10163E+07    0.10163E+07
  520    matrx    0.00000E+00    0.00000E+00    0.10163E+07    0.10163E+07
