!Period   Length [cm]       WaveN-X [deg/cm]  Sigma-X [deg]     Alfa-X            Beta-X [cm/rad]   WaveN-Y [deg/cm]  Sigma-Y [deg]     Alfa-Y            Beta-Y [cm/rad]   WaveN-Z [deg/cm]  Sigma-Z [deg]     Alfa-Z            Beta-Z [deg/%]  
    1     0.685800000E+02   0.859277827E+00   0.589292734E+02  -0.130102085E+01   0.575887012E+02   0.844861012E+00   0.579405682E+02  -0.131729848E+01   0.585007474E+02   0.278310354E+00   0.190865241E+02   0.186595760E+01   0.247497077E+02
    2     0.685800000E+02   0.853975896E+00   0.585656669E+02  -0.928224924E+00   0.572447215E+02   0.858573640E+00   0.588809802E+02  -0.930384015E+00   0.568440323E+02   0.627571833E+00   0.430388763E+02   0.644920188E+00   0.105582929E+02
    3     0.685800000E+02   0.430882063E+00   0.295498919E+02  -0.144218839E+01   0.116571406E+03   0.457888693E+00   0.314020066E+02  -0.135953575E+01   0.109311166E+03   0.000000000E+00   0.000000000E+00   0.000000000E+00   0.000000000E+00
    4     0.685800000E+02   0.000000000E+00   0.000000000E+00   0.000000000E+00   0.000000000E+00   0.000000000E+00   0.000000000E+00   0.000000000E+00   0.000000000E+00   0.000000000E+00   0.000000000E+00   0.000000000E+00   0.000000000E+00
    5     0.685800000E+02   0.419340152E+00   0.287583476E+02  -0.951269475E+00   0.120797809E+03   0.400384304E+00   0.274583556E+02  -0.986868367E+00   0.127004897E+03   0.561190670E+00   0.384864561E+02   0.864218992E+00   0.927709745E+01
    6     0.685800000E+02   0.110536132E+00   0.758056792E+01  -0.302848567E+01   0.471011383E+03   0.938113116E-01   0.643357975E+01  -0.354714958E+01   0.556517256E+03   0.338054508E+00   0.231837782E+02   0.859871849E+00   0.138534123E+02
    7     0.127321800E+03   0.000000000E+00   0.000000000E+00   0.000000000E+00   0.000000000E+00   0.000000000E+00   0.000000000E+00   0.000000000E+00   0.000000000E+00   0.000000000E+00   0.000000000E+00   0.000000000E+00   0.000000000E+00
    8     0.159980000E+03   0.000000000E+00   0.000000000E+00   0.000000000E+00   0.000000000E+00   0.000000000E+00   0.000000000E+00   0.000000000E+00   0.000000000E+00   0.438490038E+00   0.701496363E+02   0.636108450E-01   0.704376500E+01
    9     0.159980000E+03   0.870431163E-01   0.139251577E+02  -0.480736395E+01   0.705065242E+03   0.000000000E+00   0.000000000E+00   0.000000000E+00   0.000000000E+00   0.311712692E+00   0.498677964E+02   0.507375454E+00   0.959803695E+01
   10     0.159980000E+03   0.144172310E+00   0.230646862E+02  -0.252905006E+01   0.426058812E+03   0.134868069E+00   0.215761937E+02  -0.263252004E+01   0.457721648E+03   0.374574983E+00   0.599245058E+02   0.331217859E+00   0.654423328E+01
   11     0.152321800E+03   0.241590408E+00   0.367994858E+02  -0.769316946E+00   0.249448796E+03   0.224154278E+00   0.341435831E+02  -0.816021104E+00   0.268996657E+03   0.000000000E+00   0.000000000E+00   0.000000000E+00   0.000000000E+00
   12     0.159980000E+03   0.000000000E+00   0.000000000E+00   0.000000000E+00   0.000000000E+00   0.000000000E+00   0.000000000E+00   0.000000000E+00   0.000000000E+00   0.170900119E+00   0.273406010E+02   0.398796469E+00   0.121547064E+02
   13     0.159980000E+03   0.000000000E+00   0.000000000E+00   0.000000000E+00   0.000000000E+00   0.000000000E+00   0.000000000E+00   0.000000000E+00   0.000000000E+00   0.268708029E+00   0.429879105E+02   0.268228823E+00   0.694114393E+01
   14     0.159980000E+03   0.778071969E-01   0.124475954E+02  -0.194966791E+01   0.750399094E+03   0.588568854E-01   0.941592453E+01  -0.252462810E+01   0.997494446E+03   0.236099191E+00   0.377711487E+02   0.253492943E+00   0.732844948E+01
   15     0.152321800E+03   0.141000210E+00   0.214774058E+02  -0.695790399E+00   0.418629868E+03   0.139567653E+00   0.212591961E+02  -0.683721075E+00   0.423137509E+03   0.126714089E+00   0.193013181E+02   0.834119200E-01   0.124521644E+02
   16     0.159980000E+03   0.000000000E+00   0.000000000E+00   0.000000000E+00   0.000000000E+00   0.000000000E+00   0.000000000E+00   0.000000000E+00   0.000000000E+00   0.000000000E+00   0.000000000E+00   0.000000000E+00   0.000000000E+00
   17     0.159980000E+03   0.000000000E+00   0.000000000E+00   0.000000000E+00   0.000000000E+00   0.728687865E-02   0.116575485E+01  -0.182974039E+02   0.817103220E+04   0.232583023E+00   0.372086321E+02   0.144470236E+00   0.124137967E+02
   18     0.159980000E+03   0.502648729E-01   0.804137437E+01  -0.273519842E+01   0.117607014E+04   0.691666195E-01   0.110652758E+02  -0.196755693E+01   0.858294182E+03   0.222514939E+00   0.355979400E+02   0.143471882E+00   0.122714121E+02
   19     0.152321800E+03   0.152403454E+00   0.232143684E+02  -0.722010201E+00   0.391815361E+03   0.137892265E+00   0.210039980E+02  -0.809966439E+00   0.432968254E+03   0.761073773E-01   0.115928127E+02  -0.513273418E-01   0.336429003E+02
   20     0.159980000E+03   0.000000000E+00   0.000000000E+00   0.000000000E+00   0.000000000E+00   0.000000000E+00   0.000000000E+00   0.000000000E+00   0.000000000E+00   0.194733097E+00   0.311534009E+02   0.171655919E+00   0.129460526E+02
   21     0.159980000E+03   0.842811414E-01   0.134832970E+02  -0.133942487E+01   0.695234629E+03   0.792757987E-01   0.126825423E+02  -0.138276450E+01   0.741155916E+03   0.196994949E+00   0.315152520E+02   0.161957706E+00   0.121627001E+02
   22     0.159980000E+03   0.581185964E-01   0.929781305E+01  -0.168938514E+01   0.100337322E+04   0.490560900E-01   0.784799328E+01  -0.191023574E+01   0.119188721E+04   0.192040685E+00   0.307226688E+02   0.155425764E+00   0.118911714E+02
   23     0.152321800E+03   0.164631642E+00   0.250769881E+02  -0.469774481E+00   0.357493796E+03   0.151256215E+00   0.230396189E+02  -0.503871164E+00   0.388318304E+03   0.102268661E+00   0.155777466E+02   0.114952937E-01   0.211010515E+02
   24     0.159980000E+03   0.000000000E+00   0.000000000E+00   0.000000000E+00   0.000000000E+00   0.000000000E+00   0.000000000E+00   0.000000000E+00   0.000000000E+00   0.173492122E+00   0.277552696E+02   0.154028472E+00   0.123049967E+02
   25     0.159980000E+03   0.000000000E+00   0.000000000E+00   0.000000000E+00   0.000000000E+00   0.000000000E+00   0.000000000E+00   0.000000000E+00   0.000000000E+00   0.162805354E+00   0.260456005E+02   0.154720545E+00   0.125736314E+02
   26     0.159980000E+03   0.752897894E-01   0.120448605E+02  -0.111552529E+01   0.772359346E+03   0.777725519E-01   0.124420529E+02  -0.102886219E+01   0.748847416E+03   0.155331703E+00   0.248499659E+02   0.153077052E+00   0.126640202E+02
   27     0.152321800E+03   0.112914639E+00   0.171993611E+02  -0.472663473E+00   0.516367497E+03   0.103753122E+00   0.158038624E+02  -0.512155466E+00   0.561826371E+03   0.837294569E-01   0.127538216E+02   0.334868612E-01   0.224139324E+02
   28     0.159980000E+03   0.520702524E-01   0.833019898E+01  -0.128147030E+01   0.110837070E+04   0.490140907E-01   0.784127422E+01  -0.131554650E+01   0.118162183E+04   0.149932129E+00   0.239861420E+02   0.144280830E+00   0.124047023E+02
   29     0.159980000E+03   0.634112815E-01   0.101445368E+02  -0.106816281E+01   0.911446699E+03   0.785281803E-01   0.125629383E+02  -0.817434127E+00   0.737662957E+03   0.144686012E+00   0.231468682E+02   0.139499245E+00   0.124111374E+02
   30     0.159980000E+03   0.672033634E-01   0.107511941E+02  -0.101207122E+01   0.861250344E+03   0.922997450E-01   0.147661132E+02  -0.692959194E+00   0.627823265E+03   0.138529359E+00   0.221619269E+02   0.136159794E+00   0.125361266E+02
   31     0.152321800E+03   0.000000000E+00   0.000000000E+00   0.000000000E+00   0.000000000E+00   0.000000000E+00   0.000000000E+00   0.000000000E+00   0.000000000E+00   0.794599816E-01   0.121034874E+02   0.362830457E-01   0.210116596E+02
   32     0.362380000E+03   0.000000000E+00   0.000000000E+00   0.000000000E+00   0.000000000E+00   0.000000000E+00   0.000000000E+00   0.000000000E+00   0.000000000E+00   0.000000000E+00   0.000000000E+00   0.000000000E+00   0.000000000E+00
   33     0.421121800E+03   0.378517960E-01   0.159402165E+02  -0.300466545E+01   0.185512837E+04   0.411716922E-01   0.173382971E+02  -0.277230690E+01   0.170564885E+04   0.115251102E+00   0.485347517E+02  -0.475303700E-01   0.247996367E+02
   34     0.362380000E+03   0.463220139E-01   0.167861714E+02  -0.194879676E+01   0.137211813E+04   0.480823607E-01   0.174240859E+02  -0.188400412E+01   0.132224742E+04   0.148351949E+00   0.537597792E+02   0.593034138E-01   0.185292203E+02
   35     0.421121800E+03   0.000000000E+00   0.000000000E+00   0.000000000E+00   0.000000000E+00   0.000000000E+00   0.000000000E+00   0.000000000E+00   0.000000000E+00   0.122057255E+00   0.514009711E+02  -0.146473027E-01   0.202866723E+02
   36     0.362380000E+03   0.000000000E+00   0.000000000E+00   0.000000000E+00   0.000000000E+00   0.000000000E+00   0.000000000E+00   0.000000000E+00   0.000000000E+00   0.125132742E+00   0.453456031E+02   0.125807730E+00   0.192209695E+02
   37     0.421121800E+03   0.198281316E-01   0.835005845E+01  -0.385804399E+01   0.324459384E+04   0.401269616E-02   0.168983383E+01  -0.189077388E+02   0.160338811E+05   0.109266000E+00   0.460142946E+02   0.502423602E-01   0.198795903E+02
   38     0.362380000E+03   0.000000000E+00   0.000000000E+00   0.000000000E+00   0.000000000E+00   0.000000000E+00   0.000000000E+00   0.000000000E+00   0.000000000E+00   0.127066590E+00   0.460463910E+02   0.148191870E+00   0.165574154E+02
   39     0.421121800E+03   0.335019255E-01   0.141083912E+02  -0.190015561E+01   0.187384158E+04   0.326890545E-01   0.137660735E+02  -0.194995575E+01   0.192037589E+04   0.102381483E+00   0.431150746E+02   0.790106999E-01   0.185396096E+02
   40     0.362380000E+03   0.508756118E-01   0.184363042E+02  -0.110207780E+01   0.117756878E+04   0.486585892E-01   0.176328996E+02  -0.115092881E+01   0.123151675E+04   0.105508359E+00   0.382341193E+02   0.163656967E+00   0.175539607E+02
   41     0.421121800E+03   0.172209505E-01   0.725211767E+01  -0.252029883E+01   0.351968535E+04   0.175830448E-01   0.740460346E+01  -0.244622253E+01   0.344652843E+04   0.894490890E-01   0.376689614E+02   0.939934164E-01   0.190037339E+02
   42     0.440380000E+03   0.239243848E-01   0.105358206E+02  -0.167283041E+01   0.253932883E+04   0.266089735E-01   0.117180598E+02  -0.149929371E+01   0.228272523E+04   0.915057213E-01   0.402972895E+02  -0.154585699E-01   0.177757936E+02
   43     0.499121800E+03   0.905537380E-02   0.451973447E+01  -0.421274348E+01   0.679511454E+04   0.163520189E-01   0.816164912E+01  -0.233178958E+01   0.376282935E+04   0.811752317E-01   0.405163278E+02  -0.516425522E-01   0.185601569E+02
   44     0.440380000E+03   0.246103498E-01   0.108379059E+02  -0.143885359E+01   0.243665025E+04   0.258962989E-01   0.114042121E+02  -0.137248436E+01   0.231603830E+04   0.856140581E-01   0.377027189E+02   0.196768445E-01   0.168073487E+02
   45     0.499121800E+03   0.238788535E-01   0.119184563E+02  -0.139071381E+01   0.254066412E+04   0.233024545E-01   0.116307630E+02  -0.142955755E+01   0.260400770E+04   0.768521682E-01   0.383585925E+02  -0.178645208E-01   0.173258006E+02
   46     0.440380000E+03   0.187614105E-01   0.826214994E+01  -0.155050806E+01   0.315248722E+04   0.150901573E-01   0.664540347E+01  -0.192594086E+01   0.391841169E+04   0.797897688E-01   0.351378184E+02   0.380055698E-01   0.159684447E+02
   47     0.499121800E+03   0.289682657E-01   0.144586929E+02  -0.103106875E+01   0.207590487E+04   0.268847518E-01   0.134187657E+02  -0.110793687E+01   0.223608192E+04   0.700463079E-01   0.349616393E+02  -0.285015278E-03   0.168848685E+02
   48     0.440380000E+03   0.277942443E-01   0.122400293E+02  -0.975094827E+00   0.211983025E+04   0.272225420E-01   0.119882631E+02  -0.991481669E+00   0.216368802E+04   0.715577689E-01   0.315126103E+02   0.490232642E-01   0.158489714E+02
   49     0.499121800E+03   0.179909096E-01   0.897965520E+01  -0.132730078E+01   0.329993576E+04   0.182409225E-01   0.910444205E+01  -0.130853005E+01   0.325386812E+04   0.630447316E-01   0.314669999E+02   0.133114088E-01   0.167760148E+02
   50     0.440380000E+03   0.263933101E-01   0.116230859E+02  -0.861614436E+00   0.221646081E+04   0.262725776E-01   0.115699177E+02  -0.868489906E+00   0.222683578E+04   0.650402269E-01   0.286424151E+02   0.550458809E-01   0.156267057E+02
   51     0.499121800E+03   0.198325981E-01   0.989888208E+01  -0.101573240E+01   0.297003715E+04   0.189291937E-01   0.944797324E+01  -0.107278000E+01   0.311243888E+04   0.576433781E-01   0.287710666E+02   0.204014210E-01   0.165250292E+02
   52     0.440380000E+03   0.262243053E-01   0.115486595E+02  -0.723821626E+00   0.221791746E+04   0.253054639E-01   0.111440202E+02  -0.751899343E+00   0.229863266E+04   0.591533717E-01   0.260499618E+02   0.566699464E-01   0.155083618E+02
   53     0.499121800E+03   0.277157004E-01   0.138335103E+02  -0.675339557E+00   0.211918099E+04   0.270381439E-01   0.134953271E+02  -0.692354948E+00   0.217220984E+04   0.522533191E-01   0.260807707E+02   0.242660868E-01   0.165329416E+02
   54     0.440380000E+03   0.222305673E-01   0.978989722E+01  -0.738563343E+00   0.260725240E+04   0.222859470E-01   0.981428535E+01  -0.734517369E+00   0.260039587E+04   0.534871725E-01   0.235546810E+02   0.572566535E-01   0.155863079E+02
   55     0.499121800E+03   0.188014485E-01   0.938421282E+01  -0.816928099E+00   0.310416363E+04   0.199295168E-01   0.994725631E+01  -0.767374743E+00   0.292792506E+04   0.474265239E-01   0.236716120E+02   0.273068582E-01   0.166254624E+02
